INÍCIO E FINAL SYNTAX:

$ < echo
bash: echo: No such file or directory
$ echo <
bash: syntax error near unexpected token `newline'
$ << echo
> echo
$ echo <<
bash: syntax error near unexpected token `newline'
$ > echo
$ echo >
bash: syntax error near unexpected token `newline'
$ >> echo
$ echo >>
bash: syntax error near unexpected token `newline'

PIPE SYNTAX: ' | '

$ echo | < ls
bash: ls: No such file or directory
$ echo | << ls
> ls
$ echo | >> ls
$ echo | > ls
$ echo | | ls
bash: syntax error near unexpected token `|'
$ echo | || ls
bash: syntax error near unexpected token `||'
$ echo | && ls
bash: syntax error near unexpected token `&&'

OUTPUT SYNTAX: ' > '

$ echo > < ls
bash: syntax error near unexpected token `<'
$ echo > << ls
bash: syntax error near unexpected token `<<'
$ echo > >> ls
bash: syntax error near unexpected token `>>'
$ echo > > ls
bash: syntax error near unexpected token `>'
$ echo > | ls
bash: syntax error near unexpected token `|'
$ echo > || ls
bash: syntax error near unexpected token `||'
$ echo > && ls
bash: syntax error near unexpected token `&&'

HEREDOC SYNTAX: ' << '

$ echo << < ls
bash: syntax error near unexpected token `<'
$ echo << << ls
bash: syntax error near unexpected token `<<'
$ echo << >> ls
bash: syntax error near unexpected token `>>'
$ echo << > ls
bash: syntax error near unexpected token `>'
$ echo << | ls
bash: syntax error near unexpected token `|'
$ echo << || ls
bash: syntax error near unexpected token `||'
$ echo << && ls
bash: syntax error near unexpected token `&&'

INPUT SYNTAX ' < '

$ echo < < ls
bash: syntax error near unexpected token `<'
$ echo < << ls
bash: syntax error near unexpected token `<<'
$ echo < >> ls
bash: syntax error near unexpected token `>>'
$ echo < > ls
bash: syntax error near unexpected token `>'
$ echo < | ls
bash: syntax error near unexpected token `|'
	$ echo < || ls
	bash: syntax error near unexpected token `||'
$ echo < && ls
bash: syntax error near unexpected token `&&'

APPEND SYNTAX: ' >> '

$ echo >> < ls
bash: syntax error near unexpected token `<'
$ echo >> << ls
bash: syntax error near unexpected token `<<'
$ echo >> >> ls
bash: syntax error near unexpected token `>>'
$ echo >> > ls
bash: syntax error near unexpected token `>'
$ echo >> | ls
bash: syntax error near unexpected token `|'
$ echo >> || ls
bash: syntax error near unexpected token `||'
$ echo >> && ls
bash: syntax error near unexpected token `&&'

DÚVIDA: como vou verificar se é um "command not found" ou não sem passar o execve para verificar? É a execução que verifica isso?
