INÍCIO E FINAL SYNTAX:

$ < echo
bash: echo: No such file or directory

$ echo <
bash: syntax error near unexpected token `newline'
$ << echo
> echo
$ echo <<
bash: syntax error near unexpected token `newline'
$ > echo
$ echo >
bash: syntax error near unexpected token `newline'
$ >> echo
$ echo >>
bash: syntax error near unexpected token `newline'

PIPE SYNTAX: ' | ' ----- FEITO

	$ echo | < ls
	bash: ls: No such file or directory
	$ echo | << ls
	> ls
	$ echo | >> ls
	$ echo | > ls
	$ echo | | ls
	bash: syntax error near unexpected token `|'
	$ echo | || ls
	bash: syntax error near unexpected token `||'
	$ echo ||| ls
	bash: syntax error near unexpected token `|'
	$ echo | ||| ls
	bash: syntax error near unexpected token `||'
	$ echo | || | ls
	bash: syntax error near unexpected token `||'
	$ echo || | ls
	bash: syntax error near unexpected token `|'

(APENAS BÔNUS) $ echo | && ls
bash: syntax error near unexpected token `&&'

OUTPUT SYNTAX: ' > '

$ echo > < ls
bash: syntax error near unexpected token `<'
$ echo > << ls
bash: syntax error near unexpected token `<<'
$ echo > >> ls
bash: syntax error near unexpected token `>>'
$ echo > > ls
bash: syntax error near unexpected token `>'
$ echo > | ls
bash: syntax error near unexpected token `|'
$ echo > || ls
bash: syntax error near unexpected token `||'

(APENAS BÔNUS) $ echo > && ls
bash: syntax error near unexpected token `&&'

HEREDOC SYNTAX: ' << '

$ echo << < ls
bash: syntax error near unexpected token `<'
$ echo << << ls
bash: syntax error near unexpected token `<<'
$ echo << >> ls
bash: syntax error near unexpected token `>>'
$ echo << > ls
bash: syntax error near unexpected token `>'
$ echo << | ls
bash: syntax error near unexpected token `|'
$ echo << || ls
bash: syntax error near unexpected token `||'

(APENAS BÔNUS) $ echo << && ls
bash: syntax error near unexpected token `&&'

INPUT SYNTAX ' < '

$ echo < < ls
bash: syntax error near unexpected token `<'
$ echo < << ls
bash: syntax error near unexpected token `<<'
$ echo < >> ls
bash: syntax error near unexpected token `>>'
$ echo < > ls
bash: syntax error near unexpected token `>'
$ echo < | ls
bash: syntax error near unexpected token `|'
$ echo < || ls
bash: syntax error near unexpected token `||'

(APENAS BÔNUS) $ echo < && ls
bash: syntax error near unexpected token `&&'

APPEND SYNTAX: ' >> '

$ echo >> < ls
bash: syntax error near unexpected token `<'
$ echo >> << ls
bash: syntax error near unexpected token `<<'
$ echo >> >> ls
bash: syntax error near unexpected token `>>'
$ echo >> > ls
bash: syntax error near unexpected token `>'
$ echo >> | ls
bash: syntax error near unexpected token `|'
$ echo >> || ls
bash: syntax error near unexpected token `||'

(APENAS BÔNUS) $ echo >> && ls
bash: syntax error near unexpected token `&&'
